// Jest Snapshot v1, https://goo.gl/fbAQLP

exports[`components/SizeAwareImage should render a placeholder and has loader when showLoader is true 1`] = `
<Fragment>
  <div
    style={
      Object {
        "position": "absolute",
      }
    }
  >
    <LoadingImagePreview
      containerClass="file__image-loading"
    />
  </div>
  <div>
    <svg
      style={
        Object {
          "verticalAlign": "middle",
        }
      }
      viewBox="0 0 300 200"
      xmlns="http://www.w3.org/2000/svg"
    />
  </div>
</Fragment>
`;
