// Jest Snapshot v1, https://goo.gl/fbAQLP

exports[`components/user_settings/sidebar/UserSettingsSidebar should match snapshot 1`] = `
<div>
  <div
    className="modal-header"
  >
    <button
      aria-label="Close"
      className="close"
      data-dismiss="modal"
      id="closeButton"
      onClick={[Function]}
      type="button"
    >
      <span
        aria-hidden="true"
      >
        Ã—
      </span>
    </button>
    <h4
      className="modal-title"
    >
      <div
        className="modal-back"
      >
        <i
          className="fa fa-angle-left"
          onClick={[Function]}
          title="Collapse Icon"
        />
      </div>
      <FormattedMessage
        defaultMessage="Sidebar Settings"
        id="user.settings.sidebar.title"
        values={Object {}}
      />
    </h4>
  </div>
  <div
    className="user-settings"
  >
    <h3
      className="tab-header"
    >
      <FormattedMessage
        defaultMessage="Sidebar Settings"
        id="user.settings.sidebar.title"
        values={Object {}}
      />
    </h3>
    <div
      className="divider-dark first"
    />
    <React.Fragment>
      <SettingItemMin
        describe={
          Array [
            <FormattedMessage
              defaultMessage="Group by channel type"
              id="user.settings.sidebar.groupByTypeShort"
              values={Object {}}
            />,
            <span>
              , 
            </span>,
            <FormattedMessage
              defaultMessage="unreads and favorites grouped separately"
              id="user.settings.sidebar.unreadsFavoritesShort"
              values={Object {}}
            />,
          ]
        }
        focused={false}
        section="groupChannels"
        title={
          <FormattedMessage
            defaultMessage="Channel grouping and sorting"
            id="user.settings.sidebar.groupAndSortChannelsTitle"
            values={Object {}}
          />
        }
        updateSection={[Function]}
      />
      <div
        className="divider-light"
      />
    </React.Fragment>
  </div>
</div>
`;
